PASS No remote puzzle controls
PASS Remote interaction rejected
PASS Closed bridge blocks route
DIAGNOSTIC {
  "state": {
    "phase": 0,
    "lower": [
      1,
      0,
      1
    ],
    "upper": [
      1,
      1,
      0
    ],
    "attempts": 0,
    "hints": 0,
    "flow": 20,
    "started": 45.199999999953434,
    "water": 0,
    "bridge": 0,
    "gate": 0,
    "walking": false,
    "won": false
  },
  "quest": {
    "pipes": [
      1,
      3,
      1
    ],
    "peg": false,
    "repaired": false,
    "rhythm": [],
    "stable": 0,
    "pressure": 20,
    "completed": [],
    "events": []
  },
  "pos": [
    -0.9404520189781083,
    0.24500000000000194,
    4.240452018978109
  ],
  "nearest": null,
  "target": [
    -3.45,
    0,
    5.192820323027551
  ],
  "toast": "走近第1段水槽 · 到旁边后按 E 或再点一次操作"
}
page.waitForFunction: Timeout 30000ms exceeded.
    at go (/home/user/chuanyue-/qa-adventure.cjs:9:86)
    at async /home/user/chuanyue-/qa-adventure.cjs:10:22 {
  name: 'TimeoutError'
}

real	1m37.542s
user	0m1.001s
sys	0m0.198s
